----- Incorrect number literal -----

Error: unexpected character 'l' in a number literal.
File "", line = 1, col = 9.
Error: unexpected character 'z' in a number literal.
File "", line = 2, col = 2.

--------------

----- Incorrect escaped sequence -----

Error: incorrect escape sequence '\u'.
File "", line = 1, col = 10.

--------------

----- Multiple incorrect escaped sequences -----

Error: incorrect escape sequence '\u'.
File "", line = 1, col = 10.
Error: incorrect escape sequence '\c'.
File "", line = 1, col = 20.
Error: incorrect escape sequence '\z'.
File "", line = 1, col = 22.

--------------

